Matthew 2016    DR-4283:   16,954 owner inspections, pulled 16,954
Matthew 2016    DR-4286:   25,058 owner inspections, pulled 25,058
Harvey 2017     DR-4332:  299,817 owner inspections, pulled 60,000
Irma 2017       DR-4337:  404,394 owner inspections, pulled 60,000
Irma 2017       DR-4338:    5,572 owner inspections, pulled 5,572
Maria 2017      DR-4339:  536,764 owner inspections, pulled 60,000
Florence 2018   DR-4393:   58,733 owner inspections, pulled 58,733
Florence 2018   DR-4394:    9,699 owner inspections, pulled 9,699
Michael 2018    DR-4399:   37,546 owner inspections, pulled 37,546
Michael 2018    DR-4400:   11,467 owner inspections, pulled 11,467
Laura 2020      DR-4559:   32,504 owner inspections, pulled 32,504
Sally 2020      DR-4563:   16,239 owner inspections, pulled 16,239
Sally 2020      DR-4564:    7,648 owner inspections, pulled 7,648
Delta 2020      DR-4570:   11,289 owner inspections, pulled 11,289
Zeta 2020       DR-4573:    6,115 owner inspections, pulled 6,115
Zeta 2020       DR-4576:    4,859 owner inspections, pulled 4,859
Zeta 2020       DR-4577:    3,521 owner inspections, pulled 3,521
Ida 2021        DR-4611:  152,122 owner inspections, pulled 60,000
Ida 2021        DR-4626:    3,612 owner inspections, pulled 3,612
Fiona 2022      DR-4671:   99,585 owner inspections, pulled 60,000
Ian 2022        DR-4673:  148,581 owner inspections, pulled 60,000
Ian 2022        DR-4677:    1,804 owner inspections, pulled 1,804
Nicole 2022     DR-4680:    2,154 owner inspections, pulled 2,154
Idalia 2023     DR-4734:   21,791 owner inspections, pulled 21,791
Idalia 2023     DR-4738:    2,363 owner inspections, pulled 2,363
Beryl 2024      DR-4798:   87,559 owner inspections, pulled 60,000
Francine 2024   DR-4817:   18,287 owner inspections, pulled 18,287
Helene 2024     DR-4828:   73,126 owner inspections, pulled 60,000
Helene 2024     DR-4829:   44,610 owner inspections, pulled 44,610
Helene 2024     DR-4830:   50,621 owner inspections, pulled 50,621
Milton 2024     DR-4834:  113,903 owner inspections, pulled 60,000
wrote D:\_work_hurricane_damage_function\scripts\..\data\raw\ihp_owners.csv 932446
